// Jest Snapshot v1, https://goo.gl/fbAQLP

exports[`StoryBox renders correctly 1`] = `
<View
  style={
    Object {
      "alignItems": "center",
      "borderColor": "lightgrey",
      "borderWidth": 1,
      "flex": 1,
      "flexDirection": "row",
      "marginBottom": 20,
      "padding": 10,
    }
  }
>
  <View
    style={
      Object {
        "flex": 0.8,
      }
    }
  >
    <View
      accessible={true}
      focusable={true}
      onClick={[Function]}
      onResponderGrant={[Function]}
      onResponderMove={[Function]}
      onResponderRelease={[Function]}
      onResponderTerminate={[Function]}
      onResponderTerminationRequest={[Function]}
      onStartShouldSetResponder={[Function]}
      style={
        Object {
          "opacity": 1,
        }
      }
    >
      <Text
        style={
          Object {
            "fontFamily": "Oxygen-Regular",
          }
        }
      >
        www.test.com
      </Text>
    </View>
  </View>
  <View
    style={
      Object {
        "alignItems": "center",
        "flex": 0.2,
        "justifyContent": "center",
      }
    }
  >
    <Text
      style={
        Object {
          "fontFamily": "Oxygen-Regular",
        }
      }
    >
      0.0
    </Text>
  </View>
</View>
`;
